// Jest Snapshot v1, https://goo.gl/fbAQLP

exports[`Error modal window Render correctly ErrorModalWindow 1`] = `
ShallowWrapper {
  "length": 1,
  Symbol(enzyme.__root__): [Circular],
  Symbol(enzyme.__unrendered__): <ErrorModalWindow
    errors={Array []}
  />,
  Symbol(enzyme.__renderer__): Object {
    "batchedUpdates": [Function],
    "getNode": [Function],
    "render": [Function],
    "simulateEvent": [Function],
    "unmount": [Function],
  },
  Symbol(enzyme.__node__): null,
  Symbol(enzyme.__nodes__): Array [
    null,
  ],
  Symbol(enzyme.__options__): Object {
    "adapter": ReactSixteenAdapter {
      "options": Object {
        "enableComponentDidUpdateOnSetState": true,
      },
    },
  },
}
`;

exports[`Error modal window Render correctly ErrorModalWindow with props 1`] = `
ShallowWrapper {
  "length": 1,
  Symbol(enzyme.__root__): [Circular],
  Symbol(enzyme.__unrendered__): <ErrorModalWindow
    errors={
      Array [
        Object {
          "history": Object {},
          "status": "mock",
          "statusText": "status2",
        },
      ]
    }
  />,
  Symbol(enzyme.__renderer__): Object {
    "batchedUpdates": [Function],
    "getNode": [Function],
    "render": [Function],
    "simulateEvent": [Function],
    "unmount": [Function],
  },
  Symbol(enzyme.__node__): Object {
    "instance": null,
    "key": undefined,
    "nodeType": "host",
    "props": Object {
      "children": <div
        className={undefined}
      >
        <div
          className={undefined}
        >
          mock
                             (status2)
        </div>
        <button
          className={undefined}
          onClick={[Function]}
        >
          ok
        </button>
      </div>,
      "className": undefined,
    },
    "ref": null,
    "rendered": Object {
      "instance": null,
      "key": undefined,
      "nodeType": "host",
      "props": Object {
        "children": Array [
          <div
            className={undefined}
          >
            mock
                             (status2)
          </div>,
          <button
            className={undefined}
            onClick={[Function]}
          >
            ok
          </button>,
        ],
        "className": undefined,
      },
      "ref": null,
      "rendered": Array [
        Object {
          "instance": null,
          "key": undefined,
          "nodeType": "host",
          "props": Object {
            "children": "mock
                             (status2)",
            "className": undefined,
          },
          "ref": null,
          "rendered": "mock
                             (status2)",
          "type": "div",
        },
        Object {
          "instance": null,
          "key": undefined,
          "nodeType": "host",
          "props": Object {
            "children": "ok",
            "className": undefined,
            "onClick": [Function],
          },
          "ref": null,
          "rendered": "ok",
          "type": "button",
        },
      ],
      "type": "div",
    },
    "type": "div",
  },
  Symbol(enzyme.__nodes__): Array [
    Object {
      "instance": null,
      "key": undefined,
      "nodeType": "host",
      "props": Object {
        "children": <div
          className={undefined}
        >
          <div
            className={undefined}
          >
            mock
                             (status2)
          </div>
          <button
            className={undefined}
            onClick={[Function]}
          >
            ok
          </button>
        </div>,
        "className": undefined,
      },
      "ref": null,
      "rendered": Object {
        "instance": null,
        "key": undefined,
        "nodeType": "host",
        "props": Object {
          "children": Array [
            <div
              className={undefined}
            >
              mock
                             (status2)
            </div>,
            <button
              className={undefined}
              onClick={[Function]}
            >
              ok
            </button>,
          ],
          "className": undefined,
        },
        "ref": null,
        "rendered": Array [
          Object {
            "instance": null,
            "key": undefined,
            "nodeType": "host",
            "props": Object {
              "children": "mock
                             (status2)",
              "className": undefined,
            },
            "ref": null,
            "rendered": "mock
                             (status2)",
            "type": "div",
          },
          Object {
            "instance": null,
            "key": undefined,
            "nodeType": "host",
            "props": Object {
              "children": "ok",
              "className": undefined,
              "onClick": [Function],
            },
            "ref": null,
            "rendered": "ok",
            "type": "button",
          },
        ],
        "type": "div",
      },
      "type": "div",
    },
  ],
  Symbol(enzyme.__options__): Object {
    "adapter": ReactSixteenAdapter {
      "options": Object {
        "enableComponentDidUpdateOnSetState": true,
      },
    },
  },
}
`;
