// Jest Snapshot v1, https://goo.gl/fbAQLP

exports[`Result table render correctly with props 1`] = `
ShallowWrapper {
  "length": 1,
  Symbol(enzyme.__root__): [Circular],
  Symbol(enzyme.__unrendered__): <ResultTable
    fetchData={
      [MockFunction] {
        "calls": Array [
          Array [
            "test",
          ],
        ],
      }
    }
    forecasts={
      Array [
        Object {
          "id": 1,
        },
        Object {
          "id": 2,
        },
      ]
    }
    match={
      Object {
        "params": Object {
          "city": "test",
        },
      }
    }
  />,
  Symbol(enzyme.__renderer__): Object {
    "batchedUpdates": [Function],
    "getNode": [Function],
    "render": [Function],
    "simulateEvent": [Function],
    "unmount": [Function],
  },
  Symbol(enzyme.__node__): Object {
    "instance": null,
    "key": undefined,
    "nodeType": "host",
    "props": Object {
      "children": Array [
        <ForecastItem
          item={
            Object {
              "id": 1,
            }
          }
        />,
        <ForecastItem
          item={
            Object {
              "id": 2,
            }
          }
        />,
      ],
      "className": undefined,
    },
    "ref": null,
    "rendered": Array [
      Object {
        "instance": null,
        "key": "1",
        "nodeType": "function",
        "props": Object {
          "item": Object {
            "id": 1,
          },
        },
        "ref": null,
        "rendered": null,
        "type": [Function],
      },
      Object {
        "instance": null,
        "key": "2",
        "nodeType": "function",
        "props": Object {
          "item": Object {
            "id": 2,
          },
        },
        "ref": null,
        "rendered": null,
        "type": [Function],
      },
    ],
    "type": "ul",
  },
  Symbol(enzyme.__nodes__): Array [
    Object {
      "instance": null,
      "key": undefined,
      "nodeType": "host",
      "props": Object {
        "children": Array [
          <ForecastItem
            item={
              Object {
                "id": 1,
              }
            }
          />,
          <ForecastItem
            item={
              Object {
                "id": 2,
              }
            }
          />,
        ],
        "className": undefined,
      },
      "ref": null,
      "rendered": Array [
        Object {
          "instance": null,
          "key": "1",
          "nodeType": "function",
          "props": Object {
            "item": Object {
              "id": 1,
            },
          },
          "ref": null,
          "rendered": null,
          "type": [Function],
        },
        Object {
          "instance": null,
          "key": "2",
          "nodeType": "function",
          "props": Object {
            "item": Object {
              "id": 2,
            },
          },
          "ref": null,
          "rendered": null,
          "type": [Function],
        },
      ],
      "type": "ul",
    },
  ],
  Symbol(enzyme.__options__): Object {
    "adapter": ReactSixteenAdapter {
      "options": Object {
        "enableComponentDidUpdateOnSetState": true,
      },
    },
  },
}
`;
