// Jest Snapshot v1, https://goo.gl/fbAQLP

exports[`Seach form render correctly SearchForm 1`] = `
ShallowWrapper {
  "length": 1,
  Symbol(enzyme.__root__): [Circular],
  Symbol(enzyme.__unrendered__): <SearchForm />,
  Symbol(enzyme.__renderer__): Object {
    "batchedUpdates": [Function],
    "getNode": [Function],
    "render": [Function],
    "simulateEvent": [Function],
    "unmount": [Function],
  },
  Symbol(enzyme.__node__): Object {
    "instance": null,
    "key": undefined,
    "nodeType": "host",
    "props": Object {
      "children": Array [
        <input
          className={undefined}
          onChange={[Function]}
          placeholder="Your city name"
          type="text"
          value=""
        />,
        <button
          className={undefined}
          onClick={[Function]}
        >
          Search
        </button>,
      ],
      "className": undefined,
      "onSubmit": [Function],
    },
    "ref": null,
    "rendered": Array [
      Object {
        "instance": null,
        "key": undefined,
        "nodeType": "host",
        "props": Object {
          "className": undefined,
          "onChange": [Function],
          "placeholder": "Your city name",
          "type": "text",
          "value": "",
        },
        "ref": null,
        "rendered": null,
        "type": "input",
      },
      Object {
        "instance": null,
        "key": undefined,
        "nodeType": "host",
        "props": Object {
          "children": "Search",
          "className": undefined,
          "onClick": [Function],
        },
        "ref": null,
        "rendered": "Search",
        "type": "button",
      },
    ],
    "type": "form",
  },
  Symbol(enzyme.__nodes__): Array [
    Object {
      "instance": null,
      "key": undefined,
      "nodeType": "host",
      "props": Object {
        "children": Array [
          <input
            className={undefined}
            onChange={[Function]}
            placeholder="Your city name"
            type="text"
            value=""
          />,
          <button
            className={undefined}
            onClick={[Function]}
          >
            Search
          </button>,
        ],
        "className": undefined,
        "onSubmit": [Function],
      },
      "ref": null,
      "rendered": Array [
        Object {
          "instance": null,
          "key": undefined,
          "nodeType": "host",
          "props": Object {
            "className": undefined,
            "onChange": [Function],
            "placeholder": "Your city name",
            "type": "text",
            "value": "",
          },
          "ref": null,
          "rendered": null,
          "type": "input",
        },
        Object {
          "instance": null,
          "key": undefined,
          "nodeType": "host",
          "props": Object {
            "children": "Search",
            "className": undefined,
            "onClick": [Function],
          },
          "ref": null,
          "rendered": "Search",
          "type": "button",
        },
      ],
      "type": "form",
    },
  ],
  Symbol(enzyme.__options__): Object {
    "adapter": ReactSixteenAdapter {
      "options": Object {
        "enableComponentDidUpdateOnSetState": true,
      },
    },
  },
}
`;
